// Jest Snapshot v1, https://goo.gl/fbAQLP

exports[`HomeView.vue renders correctly 1`] = `
<div class="w-full flex-col">
  <!-- Dropdown -->
  <div class="flex flex-row justify-end w-5/6 py-8">
    <div class="relative inline-block text-left">
      <div><button type="button" class="inline-flex w-full justify-center gap-x-1.5 rounded-md bg-white px-3 py-2 text-sm font-semibold text-gray-900 shadow-sm ring-1 ring-inset ring-gray-300 hover:bg-gray-50" id="menu-button" aria-expanded="true" aria-haspopup="true"> Attributes <svg class="-mr-1 h-5 w-5 text-gray-400" viewBox="0 0 20 20" fill="currentColor" aria-hidden="true">
            <path fill-rule="evenodd" d="M5.23 7.21a.75.75 0 011.06.02L10 11.168l3.71-3.938a.75.75 0 111.08 1.04l-4.25 4.5a.75.75 0 01-1.08 0l-4.25-4.5a.75.75 0 01.02-1.06z" clip-rule="evenodd"></path>
          </svg></button></div>
      <div class="fixed inset-0 bg-black opacity-25 z-9" style="display: none;"></div>
      <div class="absolute right-0 z-10 mt-2 w-56 origin-top-right rounded-md bg-white shadow-lg ring-1 ring-black ring-opacity-5 focus:outline-none" role="menu" aria-orientation="vertical" aria-labelledby="menu-button" tabindex="-1" style="display: none;">
        <div class="py-1" role="none"></div>
      </div>
    </div>
  </div><!-- Table -->
  <div class="w-3/4 mx-auto overflow-x-auto shadow-lg">
    <table class="w-full text-sm text-center rtl:text-right text-black">
      <thead class="text-xs text-gray-700 uppercase bg-gray-600 text-white">
        <tr>
          <th scope="col" class="px-6 py-3"> Name </th>
          <th scope="col" class="px-6 py-3">Nationality</th>
          <th scope="col" class="px-6 py-3">National_Position</th>
          <th scope="col" class="px-6 py-3">Club</th>
          <th scope="col" class="px-6 py-3">Height</th>
          <th scope="col" class="px-6 py-3">Preffered_Foot</th>
          <th scope="col" class="px-6 py-3">Ball_Control</th>
          <th scope="col" class="px-6 py-3">Dribbling</th>
          <th scope="col" class="px-6 py-3">Vision</th>
        </tr>
      </thead>
      <tbody></tbody>
    </table>
  </div>
</div>
`;
